<?xml version="1.0" encoding="utf-8"?><testsuites name="pytest tests"><testsuite name="pytest" errors="0" failures="0" skipped="0" tests="1" time="14.231" timestamp="2025-11-19T23:36:18.342099-03:00" hostname="LAPTOP-9SVIIN5J"><testcase classname="tests.api.test_api_dataset" name="test_api_recall_on_subset" time="8.044" /></testsuite></testsuites>